2026-02-05 14:26:28,854 - peak.bootloader - INFO - Creating agent from file
2026-02-05 14:27:13,737 - peak.bootloader - INFO - Agent starting
2026-02-05 14:28:33,840 - peak.bootloader - INFO - Stopping agent (reason: KeyboardInterrupt)
2026-02-05 14:28:33,844 - peak.bootloader - INFO - Agent stopped
2026-02-05 14:34:28,432 - peak.bootloader - INFO - Creating agent from file
2026-02-05 14:34:52,721 - peak.bootloader - INFO - Agent starting
2026-02-05 14:36:17,810 - peak.bootloader - ERROR - Stopping agent (reason: DisconnectedException)
Traceback (most recent call last):
  File "/Users/rmanfredini/.conda/envs/masIFRS/lib/python3.12/site-packages/peak/bootloader.py", line 99, in boot_agent
    asyncio.run(agent_instance.start())
  File "/Users/rmanfredini/.conda/envs/masIFRS/lib/python3.12/asyncio/runners.py", line 194, in run
    return runner.run(main)
           ^^^^^^^^^^^^^^^^
  File "/Users/rmanfredini/.conda/envs/masIFRS/lib/python3.12/asyncio/runners.py", line 118, in run
    return self._loop.run_until_complete(task)
           ^^^^^^^^^^^^^^^^^^^^^^^^^^^^^^^^^^^
  File "uvloop/loop.pyx", line 1518, in uvloop.loop.Loop.run_until_complete
  File "/Users/rmanfredini/.local/lib/python3.12/site-packages/spade/agent.py", line 96, in start
    return await self._async_start(auto_register=auto_register)
           ^^^^^^^^^^^^^^^^^^^^^^^^^^^^^^^^^^^^^^^^^^^^^^^^^^^^
  File "/Users/rmanfredini/.local/lib/python3.12/site-packages/spade/agent.py", line 119, in _async_start
    await self._async_connect()
  File "/Users/rmanfredini/.local/lib/python3.12/site-packages/spade/agent.py", line 195, in _async_connect
    raise DisconnectedException(
spade.agent.DisconnectedException: Error during the connection with the server
2026-02-05 14:36:17,816 - peak.bootloader - INFO - Agent stopped
2026-02-09 13:52:54,913 - peak.bootloader - INFO - Creating agent from file
2026-02-09 13:53:46,314 - peak.bootloader - INFO - Agent starting
2026-02-09 13:55:11,376 - peak.bootloader - ERROR - Stopping agent (reason: DisconnectedException)
Traceback (most recent call last):
  File "/Users/rmanfredini/.conda/envs/masIFRS/lib/python3.12/site-packages/peak/bootloader.py", line 99, in boot_agent
    asyncio.run(agent_instance.start())
  File "/Users/rmanfredini/.conda/envs/masIFRS/lib/python3.12/asyncio/runners.py", line 194, in run
    return runner.run(main)
           ^^^^^^^^^^^^^^^^
  File "/Users/rmanfredini/.conda/envs/masIFRS/lib/python3.12/asyncio/runners.py", line 118, in run
    return self._loop.run_until_complete(task)
           ^^^^^^^^^^^^^^^^^^^^^^^^^^^^^^^^^^^
  File "uvloop/loop.pyx", line 1518, in uvloop.loop.Loop.run_until_complete
  File "/Users/rmanfredini/.local/lib/python3.12/site-packages/spade/agent.py", line 96, in start
    return await self._async_start(auto_register=auto_register)
           ^^^^^^^^^^^^^^^^^^^^^^^^^^^^^^^^^^^^^^^^^^^^^^^^^^^^
  File "/Users/rmanfredini/.local/lib/python3.12/site-packages/spade/agent.py", line 119, in _async_start
    await self._async_connect()
  File "/Users/rmanfredini/.local/lib/python3.12/site-packages/spade/agent.py", line 195, in _async_connect
    raise DisconnectedException(
spade.agent.DisconnectedException: Error during the connection with the server
2026-02-09 13:55:11,391 - peak.bootloader - INFO - Agent stopped
Exception ignored from cffi callback <function _query_cb at 0x1033f3560>:
Traceback (most recent call last):
2026-02-09 13:57:44,216 - peak.bootloader - INFO - Creating agent from file
2026-02-09 13:57:52,581 - peak.bootloader - INFO - Agent starting
2026-02-09 13:59:17,612 - peak.bootloader - ERROR - Stopping agent (reason: DisconnectedException)
Traceback (most recent call last):
  File "/Users/rmanfredini/.conda/envs/masIFRS/lib/python3.12/site-packages/peak/bootloader.py", line 99, in boot_agent
    asyncio.run(agent_instance.start())
  File "/Users/rmanfredini/.conda/envs/masIFRS/lib/python3.12/asyncio/runners.py", line 194, in run
    return runner.run(main)
           ^^^^^^^^^^^^^^^^
  File "/Users/rmanfredini/.conda/envs/masIFRS/lib/python3.12/asyncio/runners.py", line 118, in run
    return self._loop.run_until_complete(task)
           ^^^^^^^^^^^^^^^^^^^^^^^^^^^^^^^^^^^
  File "uvloop/loop.pyx", line 1518, in uvloop.loop.Loop.run_until_complete
  File "/Users/rmanfredini/.local/lib/python3.12/site-packages/spade/agent.py", line 96, in start
    return await self._async_start(auto_register=auto_register)
           ^^^^^^^^^^^^^^^^^^^^^^^^^^^^^^^^^^^^^^^^^^^^^^^^^^^^
  File "/Users/rmanfredini/.local/lib/python3.12/site-packages/spade/agent.py", line 119, in _async_start
    await self._async_connect()
  File "/Users/rmanfredini/.local/lib/python3.12/site-packages/spade/agent.py", line 195, in _async_connect
    raise DisconnectedException(
spade.agent.DisconnectedException: Error during the connection with the server
2026-02-09 13:59:17,629 - peak.bootloader - INFO - Agent stopped
2026-02-09 14:02:23,125 - peak.bootloader - INFO - Creating agent from file
2026-02-09 14:02:52,197 - peak.bootloader - INFO - Agent starting
2026-02-09 14:04:17,315 - peak.bootloader - ERROR - Stopping agent (reason: DisconnectedException)
Traceback (most recent call last):
  File "/Users/rmanfredini/.conda/envs/masIFRS/lib/python3.12/site-packages/peak/bootloader.py", line 99, in boot_agent
    asyncio.run(agent_instance.start())
  File "/Users/rmanfredini/.conda/envs/masIFRS/lib/python3.12/asyncio/runners.py", line 194, in run
    return runner.run(main)
           ^^^^^^^^^^^^^^^^
  File "/Users/rmanfredini/.conda/envs/masIFRS/lib/python3.12/asyncio/runners.py", line 118, in run
    return self._loop.run_until_complete(task)
           ^^^^^^^^^^^^^^^^^^^^^^^^^^^^^^^^^^^
  File "uvloop/loop.pyx", line 1518, in uvloop.loop.Loop.run_until_complete
  File "/Users/rmanfredini/.local/lib/python3.12/site-packages/spade/agent.py", line 96, in start
    return await self._async_start(auto_register=auto_register)
           ^^^^^^^^^^^^^^^^^^^^^^^^^^^^^^^^^^^^^^^^^^^^^^^^^^^^
  File "/Users/rmanfredini/.local/lib/python3.12/site-packages/spade/agent.py", line 119, in _async_start
    await self._async_connect()
  File "/Users/rmanfredini/.local/lib/python3.12/site-packages/spade/agent.py", line 195, in _async_connect
    raise DisconnectedException(
spade.agent.DisconnectedException: Error during the connection with the server
2026-02-09 14:04:17,324 - peak.bootloader - INFO - Agent stopped
2026-02-10 14:52:04,032 - peak.bootloader - INFO - Creating agent from file
2026-02-10 14:52:37,410 - peak.bootloader - INFO - Agent starting
2026-02-10 14:54:02,514 - peak.bootloader - ERROR - Stopping agent (reason: DisconnectedException)
Traceback (most recent call last):
  File "/Users/rmanfredini/.conda/envs/masIFRS/lib/python3.12/site-packages/peak/bootloader.py", line 99, in boot_agent
    asyncio.run(agent_instance.start())
  File "/Users/rmanfredini/.conda/envs/masIFRS/lib/python3.12/asyncio/runners.py", line 194, in run
    return runner.run(main)
           ^^^^^^^^^^^^^^^^
  File "/Users/rmanfredini/.conda/envs/masIFRS/lib/python3.12/asyncio/runners.py", line 118, in run
    return self._loop.run_until_complete(task)
           ^^^^^^^^^^^^^^^^^^^^^^^^^^^^^^^^^^^
  File "uvloop/loop.pyx", line 1518, in uvloop.loop.Loop.run_until_complete
  File "/Users/rmanfredini/.local/lib/python3.12/site-packages/spade/agent.py", line 96, in start
    return await self._async_start(auto_register=auto_register)
           ^^^^^^^^^^^^^^^^^^^^^^^^^^^^^^^^^^^^^^^^^^^^^^^^^^^^
  File "/Users/rmanfredini/.local/lib/python3.12/site-packages/spade/agent.py", line 119, in _async_start
    await self._async_connect()
  File "/Users/rmanfredini/.local/lib/python3.12/site-packages/spade/agent.py", line 195, in _async_connect
    raise DisconnectedException(
spade.agent.DisconnectedException: Error during the connection with the server
2026-02-10 14:54:02,518 - peak.bootloader - INFO - Agent stopped
2026-02-10 14:56:41,655 - peak.bootloader - INFO - Creating agent from file
2026-02-10 14:57:22,740 - peak.bootloader - INFO - Agent starting
2026-02-10 14:58:47,797 - peak.bootloader - ERROR - Stopping agent (reason: DisconnectedException)
Traceback (most recent call last):
  File "/Users/rmanfredini/.conda/envs/masIFRS/lib/python3.12/site-packages/peak/bootloader.py", line 99, in boot_agent
    asyncio.run(agent_instance.start())
  File "/Users/rmanfredini/.conda/envs/masIFRS/lib/python3.12/asyncio/runners.py", line 194, in run
    return runner.run(main)
           ^^^^^^^^^^^^^^^^
  File "/Users/rmanfredini/.conda/envs/masIFRS/lib/python3.12/asyncio/runners.py", line 118, in run
    return self._loop.run_until_complete(task)
           ^^^^^^^^^^^^^^^^^^^^^^^^^^^^^^^^^^^
  File "uvloop/loop.pyx", line 1518, in uvloop.loop.Loop.run_until_complete
  File "/Users/rmanfredini/.local/lib/python3.12/site-packages/spade/agent.py", line 96, in start
    return await self._async_start(auto_register=auto_register)
           ^^^^^^^^^^^^^^^^^^^^^^^^^^^^^^^^^^^^^^^^^^^^^^^^^^^^
  File "/Users/rmanfredini/.local/lib/python3.12/site-packages/spade/agent.py", line 119, in _async_start
    await self._async_connect()
  File "/Users/rmanfredini/.local/lib/python3.12/site-packages/spade/agent.py", line 195, in _async_connect
    raise DisconnectedException(
spade.agent.DisconnectedException: Error during the connection with the server
2026-02-10 14:58:47,810 - peak.bootloader - INFO - Agent stopped
Exception ignored from cffi callback <function _query_cb at 0x106b87600>:
Traceback (most recent call last):
  File "/Users/rmanfredini/.local/lib/python3.12/site-packages/pycares/__init__.py", line 162, in _query_cb
2026-02-10 15:02:21,275 - peak.bootloader - INFO - Creating agent from file
2026-02-10 15:02:29,704 - peak.bootloader - INFO - Agent starting
2026-02-10 15:03:54,743 - peak.bootloader - ERROR - Stopping agent (reason: DisconnectedException)
Traceback (most recent call last):
  File "/Users/rmanfredini/.conda/envs/masIFRS/lib/python3.12/site-packages/peak/bootloader.py", line 99, in boot_agent
    asyncio.run(agent_instance.start())
  File "/Users/rmanfredini/.conda/envs/masIFRS/lib/python3.12/asyncio/runners.py", line 194, in run
    return runner.run(main)
           ^^^^^^^^^^^^^^^^
  File "/Users/rmanfredini/.conda/envs/masIFRS/lib/python3.12/asyncio/runners.py", line 118, in run
    return self._loop.run_until_complete(task)
           ^^^^^^^^^^^^^^^^^^^^^^^^^^^^^^^^^^^
  File "uvloop/loop.pyx", line 1518, in uvloop.loop.Loop.run_until_complete
  File "/Users/rmanfredini/.local/lib/python3.12/site-packages/spade/agent.py", line 96, in start
    return await self._async_start(auto_register=auto_register)
           ^^^^^^^^^^^^^^^^^^^^^^^^^^^^^^^^^^^^^^^^^^^^^^^^^^^^
  File "/Users/rmanfredini/.local/lib/python3.12/site-packages/spade/agent.py", line 119, in _async_start
    await self._async_connect()
  File "/Users/rmanfredini/.local/lib/python3.12/site-packages/spade/agent.py", line 195, in _async_connect
    raise DisconnectedException(
spade.agent.DisconnectedException: Error during the connection with the server
2026-02-10 15:03:54,770 - peak.bootloader - INFO - Agent stopped
Exception ignored from cffi callback <function _query_cb at 0x10351f600>:
Traceback (most recent call last):
  File "/Users/rmanfredini/.local/lib/python3.12/site-packages/pycares/__init__.py", line 162, in _query_cb
    callback(result, status)
  File "uvloop/loop.pyx", line 1290, in uvloop.loop.Loop.call_soon_threadsafe
2026-02-10 16:25:14,932 - peak.bootloader - INFO - Creating agent from file
2026-02-10 16:26:04,927 - peak.bootloader - INFO - Agent starting
2026-02-10 16:27:29,985 - peak.bootloader - ERROR - Stopping agent (reason: DisconnectedException)
Traceback (most recent call last):
  File "/Users/rmanfredini/.conda/envs/masIFRS/lib/python3.12/site-packages/peak/bootloader.py", line 99, in boot_agent
    asyncio.run(agent_instance.start())
  File "/Users/rmanfredini/.conda/envs/masIFRS/lib/python3.12/asyncio/runners.py", line 194, in run
    return runner.run(main)
           ^^^^^^^^^^^^^^^^
  File "/Users/rmanfredini/.conda/envs/masIFRS/lib/python3.12/asyncio/runners.py", line 118, in run
    return self._loop.run_until_complete(task)
           ^^^^^^^^^^^^^^^^^^^^^^^^^^^^^^^^^^^
  File "uvloop/loop.pyx", line 1518, in uvloop.loop.Loop.run_until_complete
  File "/Users/rmanfredini/.local/lib/python3.12/site-packages/spade/agent.py", line 96, in start
    return await self._async_start(auto_register=auto_register)
           ^^^^^^^^^^^^^^^^^^^^^^^^^^^^^^^^^^^^^^^^^^^^^^^^^^^^
  File "/Users/rmanfredini/.local/lib/python3.12/site-packages/spade/agent.py", line 119, in _async_start
    await self._async_connect()
  File "/Users/rmanfredini/.local/lib/python3.12/site-packages/spade/agent.py", line 195, in _async_connect
    raise DisconnectedException(
spade.agent.DisconnectedException: Error during the connection with the server
2026-02-10 16:27:29,993 - peak.bootloader - INFO - Agent stopped
2026-02-12 13:31:35,755 - peak.bootloader - INFO - Creating agent from file
2026-02-12 13:32:33,564 - peak.bootloader - INFO - Agent starting
2026-02-12 13:35:57,443 - peak.bootloader - INFO - Creating agent from file
2026-02-12 13:36:08,044 - peak.bootloader - INFO - Agent starting
2026-02-12 13:37:33,076 - peak.bootloader - ERROR - Stopping agent (reason: DisconnectedException)
Traceback (most recent call last):
  File "/Users/rmanfredini/.conda/envs/masIFRS/lib/python3.12/site-packages/peak/bootloader.py", line 99, in boot_agent
    asyncio.run(agent_instance.start())
  File "/Users/rmanfredini/.conda/envs/masIFRS/lib/python3.12/asyncio/runners.py", line 194, in run
    return runner.run(main)
           ^^^^^^^^^^^^^^^^
  File "/Users/rmanfredini/.conda/envs/masIFRS/lib/python3.12/asyncio/runners.py", line 118, in run
    return self._loop.run_until_complete(task)
           ^^^^^^^^^^^^^^^^^^^^^^^^^^^^^^^^^^^
  File "uvloop/loop.pyx", line 1518, in uvloop.loop.Loop.run_until_complete
  File "/Users/rmanfredini/.local/lib/python3.12/site-packages/spade/agent.py", line 96, in start
    return await self._async_start(auto_register=auto_register)
           ^^^^^^^^^^^^^^^^^^^^^^^^^^^^^^^^^^^^^^^^^^^^^^^^^^^^
  File "/Users/rmanfredini/.local/lib/python3.12/site-packages/spade/agent.py", line 119, in _async_start
    await self._async_connect()
  File "/Users/rmanfredini/.local/lib/python3.12/site-packages/spade/agent.py", line 195, in _async_connect
    raise DisconnectedException(
spade.agent.DisconnectedException: Error during the connection with the server
2026-02-12 13:37:33,084 - peak.bootloader - INFO - Agent stopped
2026-02-12 13:53:37,886 - peak.bootloader - INFO - Creating agent from file
2026-02-12 13:53:47,169 - peak.bootloader - INFO - Agent starting
2026-02-12 13:53:55,083 - peak.bootloader - INFO - Stopping agent (reason: KeyboardInterrupt)
2026-02-12 13:53:55,085 - peak.bootloader - INFO - Agent stopped
2026-02-12 13:54:23,734 - peak.bootloader - INFO - Creating agent from file
2026-02-12 13:54:32,376 - peak.bootloader - INFO - Agent starting
2026-02-12 13:54:55,104 - peak.bootloader - INFO - Stopping agent (reason: KeyboardInterrupt)
2026-02-12 13:54:55,124 - peak.bootloader - INFO - Agent stopped
