2026-02-05 14:26:28,854 - peak.bootloader - INFO - Creating agent from file
2026-02-05 14:26:29,711 - peak.bootloader - INFO - Agent starting
2026-02-05 14:27:54,863 - peak.bootloader - ERROR - Stopping agent (reason: DisconnectedException)
Traceback (most recent call last):
  File "/Users/rmanfredini/.conda/envs/masIFRS/lib/python3.12/site-packages/peak/bootloader.py", line 99, in boot_agent
    asyncio.run(agent_instance.start())
  File "/Users/rmanfredini/.conda/envs/masIFRS/lib/python3.12/asyncio/runners.py", line 194, in run
    return runner.run(main)
           ^^^^^^^^^^^^^^^^
  File "/Users/rmanfredini/.conda/envs/masIFRS/lib/python3.12/asyncio/runners.py", line 118, in run
    return self._loop.run_until_complete(task)
           ^^^^^^^^^^^^^^^^^^^^^^^^^^^^^^^^^^^
  File "uvloop/loop.pyx", line 1518, in uvloop.loop.Loop.run_until_complete
  File "/Users/rmanfredini/.local/lib/python3.12/site-packages/spade/agent.py", line 96, in start
    return await self._async_start(auto_register=auto_register)
           ^^^^^^^^^^^^^^^^^^^^^^^^^^^^^^^^^^^^^^^^^^^^^^^^^^^^
  File "/Users/rmanfredini/.local/lib/python3.12/site-packages/spade/agent.py", line 119, in _async_start
    await self._async_connect()
  File "/Users/rmanfredini/.local/lib/python3.12/site-packages/spade/agent.py", line 195, in _async_connect
    raise DisconnectedException(
spade.agent.DisconnectedException: Error during the connection with the server
2026-02-05 14:27:54,880 - peak.bootloader - INFO - Agent stopped
2026-02-05 14:34:28,434 - peak.bootloader - INFO - Creating agent from file
2026-02-05 14:34:28,956 - peak.bootloader - INFO - Agent starting
2026-02-05 14:35:53,974 - peak.bootloader - ERROR - Stopping agent (reason: DisconnectedException)
Traceback (most recent call last):
  File "/Users/rmanfredini/.conda/envs/masIFRS/lib/python3.12/site-packages/peak/bootloader.py", line 99, in boot_agent
    asyncio.run(agent_instance.start())
  File "/Users/rmanfredini/.conda/envs/masIFRS/lib/python3.12/asyncio/runners.py", line 194, in run
    return runner.run(main)
           ^^^^^^^^^^^^^^^^
  File "/Users/rmanfredini/.conda/envs/masIFRS/lib/python3.12/asyncio/runners.py", line 118, in run
    return self._loop.run_until_complete(task)
           ^^^^^^^^^^^^^^^^^^^^^^^^^^^^^^^^^^^
  File "uvloop/loop.pyx", line 1518, in uvloop.loop.Loop.run_until_complete
  File "/Users/rmanfredini/.local/lib/python3.12/site-packages/spade/agent.py", line 96, in start
    return await self._async_start(auto_register=auto_register)
           ^^^^^^^^^^^^^^^^^^^^^^^^^^^^^^^^^^^^^^^^^^^^^^^^^^^^
  File "/Users/rmanfredini/.local/lib/python3.12/site-packages/spade/agent.py", line 119, in _async_start
    await self._async_connect()
  File "/Users/rmanfredini/.local/lib/python3.12/site-packages/spade/agent.py", line 195, in _async_connect
    raise DisconnectedException(
spade.agent.DisconnectedException: Error during the connection with the server
2026-02-05 14:35:53,987 - peak.bootloader - INFO - Agent stopped
2026-02-09 13:52:54,913 - peak.bootloader - INFO - Creating agent from file
2026-02-09 13:52:56,596 - peak.bootloader - INFO - Agent starting
2026-02-09 13:54:21,619 - peak.bootloader - ERROR - Stopping agent (reason: DisconnectedException)
Traceback (most recent call last):
  File "/Users/rmanfredini/.conda/envs/masIFRS/lib/python3.12/site-packages/peak/bootloader.py", line 99, in boot_agent
    asyncio.run(agent_instance.start())
  File "/Users/rmanfredini/.conda/envs/masIFRS/lib/python3.12/asyncio/runners.py", line 194, in run
    return runner.run(main)
           ^^^^^^^^^^^^^^^^
  File "/Users/rmanfredini/.conda/envs/masIFRS/lib/python3.12/asyncio/runners.py", line 118, in run
    return self._loop.run_until_complete(task)
           ^^^^^^^^^^^^^^^^^^^^^^^^^^^^^^^^^^^
  File "uvloop/loop.pyx", line 1518, in uvloop.loop.Loop.run_until_complete
  File "/Users/rmanfredini/.local/lib/python3.12/site-packages/spade/agent.py", line 96, in start
    return await self._async_start(auto_register=auto_register)
           ^^^^^^^^^^^^^^^^^^^^^^^^^^^^^^^^^^^^^^^^^^^^^^^^^^^^
  File "/Users/rmanfredini/.local/lib/python3.12/site-packages/spade/agent.py", line 119, in _async_start
    await self._async_connect()
  File "/Users/rmanfredini/.local/lib/python3.12/site-packages/spade/agent.py", line 195, in _async_connect
    raise DisconnectedException(
spade.agent.DisconnectedException: Error during the connection with the server
2026-02-09 13:54:21,624 - peak.bootloader - INFO - Agent stopped
2026-02-09 13:57:44,216 - peak.bootloader - INFO - Creating agent from file
2026-02-09 13:57:44,383 - peak.bootloader - INFO - Agent starting
2026-02-09 13:59:09,402 - peak.bootloader - ERROR - Stopping agent (reason: DisconnectedException)
Traceback (most recent call last):
  File "/Users/rmanfredini/.conda/envs/masIFRS/lib/python3.12/site-packages/peak/bootloader.py", line 99, in boot_agent
    asyncio.run(agent_instance.start())
  File "/Users/rmanfredini/.conda/envs/masIFRS/lib/python3.12/asyncio/runners.py", line 194, in run
    return runner.run(main)
           ^^^^^^^^^^^^^^^^
  File "/Users/rmanfredini/.conda/envs/masIFRS/lib/python3.12/asyncio/runners.py", line 118, in run
    return self._loop.run_until_complete(task)
           ^^^^^^^^^^^^^^^^^^^^^^^^^^^^^^^^^^^
  File "uvloop/loop.pyx", line 1518, in uvloop.loop.Loop.run_until_complete
  File "/Users/rmanfredini/.local/lib/python3.12/site-packages/spade/agent.py", line 96, in start
    return await self._async_start(auto_register=auto_register)
           ^^^^^^^^^^^^^^^^^^^^^^^^^^^^^^^^^^^^^^^^^^^^^^^^^^^^
  File "/Users/rmanfredini/.local/lib/python3.12/site-packages/spade/agent.py", line 119, in _async_start
    await self._async_connect()
  File "/Users/rmanfredini/.local/lib/python3.12/site-packages/spade/agent.py", line 195, in _async_connect
    raise DisconnectedException(
spade.agent.DisconnectedException: Error during the connection with the server
2026-02-09 13:59:09,404 - peak.bootloader - INFO - Agent stopped
2026-02-09 14:02:23,125 - peak.bootloader - INFO - Creating agent from file
2026-02-09 14:02:23,994 - peak.bootloader - INFO - Agent starting
2026-02-09 14:03:49,020 - peak.bootloader - ERROR - Stopping agent (reason: DisconnectedException)
Traceback (most recent call last):
  File "/Users/rmanfredini/.conda/envs/masIFRS/lib/python3.12/site-packages/peak/bootloader.py", line 99, in boot_agent
    asyncio.run(agent_instance.start())
  File "/Users/rmanfredini/.conda/envs/masIFRS/lib/python3.12/asyncio/runners.py", line 194, in run
    return runner.run(main)
           ^^^^^^^^^^^^^^^^
  File "/Users/rmanfredini/.conda/envs/masIFRS/lib/python3.12/asyncio/runners.py", line 118, in run
    return self._loop.run_until_complete(task)
           ^^^^^^^^^^^^^^^^^^^^^^^^^^^^^^^^^^^
  File "uvloop/loop.pyx", line 1518, in uvloop.loop.Loop.run_until_complete
  File "/Users/rmanfredini/.local/lib/python3.12/site-packages/spade/agent.py", line 96, in start
    return await self._async_start(auto_register=auto_register)
           ^^^^^^^^^^^^^^^^^^^^^^^^^^^^^^^^^^^^^^^^^^^^^^^^^^^^
  File "/Users/rmanfredini/.local/lib/python3.12/site-packages/spade/agent.py", line 119, in _async_start
    await self._async_connect()
  File "/Users/rmanfredini/.local/lib/python3.12/site-packages/spade/agent.py", line 195, in _async_connect
    raise DisconnectedException(
spade.agent.DisconnectedException: Error during the connection with the server
2026-02-09 14:03:49,023 - peak.bootloader - INFO - Agent stopped
2026-02-10 14:52:04,032 - peak.bootloader - INFO - Creating agent from file
2026-02-10 14:52:04,980 - peak.bootloader - INFO - Agent starting
2026-02-10 14:53:30,030 - peak.bootloader - ERROR - Stopping agent (reason: DisconnectedException)
Traceback (most recent call last):
  File "/Users/rmanfredini/.conda/envs/masIFRS/lib/python3.12/site-packages/peak/bootloader.py", line 99, in boot_agent
    asyncio.run(agent_instance.start())
  File "/Users/rmanfredini/.conda/envs/masIFRS/lib/python3.12/asyncio/runners.py", line 194, in run
    return runner.run(main)
           ^^^^^^^^^^^^^^^^
  File "/Users/rmanfredini/.conda/envs/masIFRS/lib/python3.12/asyncio/runners.py", line 118, in run
    return self._loop.run_until_complete(task)
           ^^^^^^^^^^^^^^^^^^^^^^^^^^^^^^^^^^^
  File "uvloop/loop.pyx", line 1518, in uvloop.loop.Loop.run_until_complete
  File "/Users/rmanfredini/.local/lib/python3.12/site-packages/spade/agent.py", line 96, in start
    return await self._async_start(auto_register=auto_register)
           ^^^^^^^^^^^^^^^^^^^^^^^^^^^^^^^^^^^^^^^^^^^^^^^^^^^^
  File "/Users/rmanfredini/.local/lib/python3.12/site-packages/spade/agent.py", line 119, in _async_start
    await self._async_connect()
  File "/Users/rmanfredini/.local/lib/python3.12/site-packages/spade/agent.py", line 195, in _async_connect
    raise DisconnectedException(
spade.agent.DisconnectedException: Error during the connection with the server
2026-02-10 14:53:30,052 - peak.bootloader - INFO - Agent stopped
2026-02-10 14:56:41,655 - peak.bootloader - INFO - Creating agent from file
2026-02-10 14:56:42,983 - peak.bootloader - INFO - Agent starting
2026-02-10 14:58:08,024 - peak.bootloader - ERROR - Stopping agent (reason: DisconnectedException)
Traceback (most recent call last):
  File "/Users/rmanfredini/.conda/envs/masIFRS/lib/python3.12/site-packages/peak/bootloader.py", line 99, in boot_agent
    asyncio.run(agent_instance.start())
  File "/Users/rmanfredini/.conda/envs/masIFRS/lib/python3.12/asyncio/runners.py", line 194, in run
    return runner.run(main)
           ^^^^^^^^^^^^^^^^
  File "/Users/rmanfredini/.conda/envs/masIFRS/lib/python3.12/asyncio/runners.py", line 118, in run
    return self._loop.run_until_complete(task)
           ^^^^^^^^^^^^^^^^^^^^^^^^^^^^^^^^^^^
  File "uvloop/loop.pyx", line 1518, in uvloop.loop.Loop.run_until_complete
  File "/Users/rmanfredini/.local/lib/python3.12/site-packages/spade/agent.py", line 96, in start
    return await self._async_start(auto_register=auto_register)
           ^^^^^^^^^^^^^^^^^^^^^^^^^^^^^^^^^^^^^^^^^^^^^^^^^^^^
  File "/Users/rmanfredini/.local/lib/python3.12/site-packages/spade/agent.py", line 119, in _async_start
    await self._async_connect()
  File "/Users/rmanfredini/.local/lib/python3.12/site-packages/spade/agent.py", line 195, in _async_connect
    raise DisconnectedException(
spade.agent.DisconnectedException: Error during the connection with the server
2026-02-10 14:58:08,031 - peak.bootloader - INFO - Agent stopped
2026-02-10 15:02:21,275 - peak.bootloader - INFO - Creating agent from file
2026-02-10 15:02:21,506 - peak.bootloader - INFO - Agent starting
2026-02-10 15:03:46,534 - peak.bootloader - ERROR - Stopping agent (reason: DisconnectedException)
Traceback (most recent call last):
  File "/Users/rmanfredini/.conda/envs/masIFRS/lib/python3.12/site-packages/peak/bootloader.py", line 99, in boot_agent
    asyncio.run(agent_instance.start())
  File "/Users/rmanfredini/.conda/envs/masIFRS/lib/python3.12/asyncio/runners.py", line 194, in run
    return runner.run(main)
           ^^^^^^^^^^^^^^^^
  File "/Users/rmanfredini/.conda/envs/masIFRS/lib/python3.12/asyncio/runners.py", line 118, in run
    return self._loop.run_until_complete(task)
           ^^^^^^^^^^^^^^^^^^^^^^^^^^^^^^^^^^^
  File "uvloop/loop.pyx", line 1518, in uvloop.loop.Loop.run_until_complete
  File "/Users/rmanfredini/.local/lib/python3.12/site-packages/spade/agent.py", line 96, in start
    return await self._async_start(auto_register=auto_register)
           ^^^^^^^^^^^^^^^^^^^^^^^^^^^^^^^^^^^^^^^^^^^^^^^^^^^^
  File "/Users/rmanfredini/.local/lib/python3.12/site-packages/spade/agent.py", line 119, in _async_start
    await self._async_connect()
  File "/Users/rmanfredini/.local/lib/python3.12/site-packages/spade/agent.py", line 195, in _async_connect
    raise DisconnectedException(
spade.agent.DisconnectedException: Error during the connection with the server
2026-02-10 15:03:46,537 - peak.bootloader - INFO - Agent stopped
2026-02-10 16:25:14,932 - peak.bootloader - INFO - Creating agent from file
2026-02-10 16:25:16,185 - peak.bootloader - INFO - Agent starting
Exception ignored from cffi callback <function _query_cb at 0x1043b7600>:
Traceback (most recent call last):
  File "/Users/rmanfredini/.local/lib/python3.12/site-packages/pycares/__init__.py", line 162, in _query_cb
2026-02-10 16:26:41,228 - peak.bootloader - ERROR - Stopping agent (reason: DisconnectedException)
Traceback (most recent call last):
  File "/Users/rmanfredini/.conda/envs/masIFRS/lib/python3.12/site-packages/peak/bootloader.py", line 99, in boot_agent
    asyncio.run(agent_instance.start())
  File "/Users/rmanfredini/.conda/envs/masIFRS/lib/python3.12/asyncio/runners.py", line 194, in run
    return runner.run(main)
           ^^^^^^^^^^^^^^^^
  File "/Users/rmanfredini/.conda/envs/masIFRS/lib/python3.12/asyncio/runners.py", line 118, in run
    return self._loop.run_until_complete(task)
           ^^^^^^^^^^^^^^^^^^^^^^^^^^^^^^^^^^^
  File "uvloop/loop.pyx", line 1518, in uvloop.loop.Loop.run_until_complete
  File "/Users/rmanfredini/.local/lib/python3.12/site-packages/spade/agent.py", line 96, in start
    return await self._async_start(auto_register=auto_register)
           ^^^^^^^^^^^^^^^^^^^^^^^^^^^^^^^^^^^^^^^^^^^^^^^^^^^^
  File "/Users/rmanfredini/.local/lib/python3.12/site-packages/spade/agent.py", line 119, in _async_start
    await self._async_connect()
  File "/Users/rmanfredini/.local/lib/python3.12/site-packages/spade/agent.py", line 195, in _async_connect
    raise DisconnectedException(
spade.agent.DisconnectedException: Error during the connection with the server
2026-02-10 16:26:41,266 - peak.bootloader - INFO - Agent stopped
2026-02-12 13:31:35,756 - peak.bootloader - INFO - Creating agent from file
2026-02-12 13:31:37,234 - peak.bootloader - INFO - Agent starting
2026-02-12 13:35:57,443 - peak.bootloader - INFO - Creating agent from file
2026-02-12 13:35:57,664 - peak.bootloader - INFO - Agent starting
Exception ignored from cffi callback <function _query_cb at 0x105653600>:
Traceback (most recent call last):
  File "/Users/rmanfredini/.local/lib/python3.12/site-packages/pycares/__init__.py", line 162, in _query_cb
2026-02-12 13:37:22,698 - peak.bootloader - ERROR - Stopping agent (reason: DisconnectedException)
Traceback (most recent call last):
  File "/Users/rmanfredini/.conda/envs/masIFRS/lib/python3.12/site-packages/peak/bootloader.py", line 99, in boot_agent
    asyncio.run(agent_instance.start())
  File "/Users/rmanfredini/.conda/envs/masIFRS/lib/python3.12/asyncio/runners.py", line 194, in run
    return runner.run(main)
           ^^^^^^^^^^^^^^^^
  File "/Users/rmanfredini/.conda/envs/masIFRS/lib/python3.12/asyncio/runners.py", line 118, in run
    return self._loop.run_until_complete(task)
           ^^^^^^^^^^^^^^^^^^^^^^^^^^^^^^^^^^^
  File "uvloop/loop.pyx", line 1518, in uvloop.loop.Loop.run_until_complete
  File "/Users/rmanfredini/.local/lib/python3.12/site-packages/spade/agent.py", line 96, in start
    return await self._async_start(auto_register=auto_register)
           ^^^^^^^^^^^^^^^^^^^^^^^^^^^^^^^^^^^^^^^^^^^^^^^^^^^^
  File "/Users/rmanfredini/.local/lib/python3.12/site-packages/spade/agent.py", line 119, in _async_start
    await self._async_connect()
  File "/Users/rmanfredini/.local/lib/python3.12/site-packages/spade/agent.py", line 195, in _async_connect
    raise DisconnectedException(
spade.agent.DisconnectedException: Error during the connection with the server
2026-02-12 13:37:22,739 - peak.bootloader - INFO - Agent stopped
2026-02-12 13:51:01,175 - peak.bootloader - INFO - Creating agent from file
2026-02-12 13:51:01,399 - peak.bootloader - INFO - Agent starting
2026-02-12 13:51:43,342 - peak.bootloader - INFO - Stopping agent (reason: KeyboardInterrupt)
2026-02-12 13:51:43,347 - peak.bootloader - INFO - Agent stopped
2026-02-12 13:52:19,211 - peak.bootloader - INFO - Creating agent from file
2026-02-12 13:52:19,394 - peak.bootloader - INFO - Agent starting
2026-02-12 13:53:00,234 - peak.bootloader - INFO - Stopping agent (reason: KeyboardInterrupt)
2026-02-12 13:53:00,251 - peak.bootloader - INFO - Agent stopped
2026-02-12 13:53:37,886 - peak.bootloader - INFO - Creating agent from file
2026-02-12 13:53:38,082 - peak.bootloader - INFO - Agent starting
2026-02-12 13:53:55,083 - peak.bootloader - INFO - Stopping agent (reason: KeyboardInterrupt)
2026-02-12 13:53:55,085 - peak.bootloader - INFO - Agent stopped
