2026-02-18 15:01:41,452 - peak.bootloader - INFO - Creating agent from file
2026-02-18 15:01:43,370 - peak.bootloader - INFO - Agent starting
Exception ignored from cffi callback <function _query_cb at 0x10428f600>:
Traceback (most recent call last):
  File "/Users/rmanfredini/.local/lib/python3.12/site-packages/pycares/__init__.py", line 162, in _query_cb
    callback(result, status)
  File "uvloop/loop.pyx", line 1290, in uvloop.loop.Loop.call_soon_threadsafe
  File "uvloop/loop.pyx", line 673, in uvloop.loop.Loop._append_ready_handle
  File "uvloop/loop.pyx", line 705, in uvloop.loop.Loop._check_closed
RuntimeError: Event loop is closed
2026-02-18 15:03:08,480 - peak.bootloader - ERROR - Stopping agent (reason: DisconnectedException)
Traceback (most recent call last):
  File "/Users/rmanfredini/.conda/envs/masIFRS/lib/python3.12/site-packages/peak/bootloader.py", line 99, in boot_agent
    asyncio.run(agent_instance.start())
  File "/Users/rmanfredini/.conda/envs/masIFRS/lib/python3.12/asyncio/runners.py", line 194, in run
    return runner.run(main)
           ^^^^^^^^^^^^^^^^
  File "/Users/rmanfredini/.conda/envs/masIFRS/lib/python3.12/asyncio/runners.py", line 118, in run
    return self._loop.run_until_complete(task)
           ^^^^^^^^^^^^^^^^^^^^^^^^^^^^^^^^^^^
  File "uvloop/loop.pyx", line 1518, in uvloop.loop.Loop.run_until_complete
  File "/Users/rmanfredini/.local/lib/python3.12/site-packages/spade/agent.py", line 96, in start
    return await self._async_start(auto_register=auto_register)
           ^^^^^^^^^^^^^^^^^^^^^^^^^^^^^^^^^^^^^^^^^^^^^^^^^^^^
  File "/Users/rmanfredini/.local/lib/python3.12/site-packages/spade/agent.py", line 119, in _async_start
    await self._async_connect()
  File "/Users/rmanfredini/.local/lib/python3.12/site-packages/spade/agent.py", line 195, in _async_connect
    raise DisconnectedException(
spade.agent.DisconnectedException: Error during the connection with the server
2026-02-18 15:03:08,529 - peak.bootloader - INFO - Agent stopped
2026-02-18 15:08:22,930 - peak.bootloader - INFO - Creating agent from file
2026-02-18 15:08:23,155 - peak.bootloader - INFO - Agent starting
2026-02-18 15:09:48,186 - peak.bootloader - ERROR - Stopping agent (reason: DisconnectedException)
Traceback (most recent call last):
  File "/Users/rmanfredini/.conda/envs/masIFRS/lib/python3.12/site-packages/peak/bootloader.py", line 99, in boot_agent
    asyncio.run(agent_instance.start())
  File "/Users/rmanfredini/.conda/envs/masIFRS/lib/python3.12/asyncio/runners.py", line 194, in run
    return runner.run(main)
           ^^^^^^^^^^^^^^^^
  File "/Users/rmanfredini/.conda/envs/masIFRS/lib/python3.12/asyncio/runners.py", line 118, in run
    return self._loop.run_until_complete(task)
           ^^^^^^^^^^^^^^^^^^^^^^^^^^^^^^^^^^^
  File "uvloop/loop.pyx", line 1518, in uvloop.loop.Loop.run_until_complete
  File "/Users/rmanfredini/.local/lib/python3.12/site-packages/spade/agent.py", line 96, in start
    return await self._async_start(auto_register=auto_register)
           ^^^^^^^^^^^^^^^^^^^^^^^^^^^^^^^^^^^^^^^^^^^^^^^^^^^^
  File "/Users/rmanfredini/.local/lib/python3.12/site-packages/spade/agent.py", line 119, in _async_start
    await self._async_connect()
  File "/Users/rmanfredini/.local/lib/python3.12/site-packages/spade/agent.py", line 195, in _async_connect
    raise DisconnectedException(
spade.agent.DisconnectedException: Error during the connection with the server
2026-02-18 15:09:48,196 - peak.bootloader - INFO - Agent stopped
2026-02-18 15:12:12,015 - peak.bootloader - INFO - Creating agent from file
2026-02-18 15:12:12,210 - peak.bootloader - INFO - Agent starting
2026-02-18 15:13:07,249 - peak.bootloader - INFO - Stopping agent (reason: KeyboardInterrupt)
2026-02-18 15:13:07,251 - peak.bootloader - INFO - Agent stopped
