2026-02-12 13:53:37,887 - peak.bootloader - INFO - Creating agent from file
Process actuator:
Traceback (most recent call last):
  File "/Users/rmanfredini/.conda/envs/masIFRS/lib/python3.12/multiprocessing/process.py", line 314, in _bootstrap
    self.run()
  File "/Users/rmanfredini/.conda/envs/masIFRS/lib/python3.12/multiprocessing/process.py", line 108, in run
    self._target(*self._args, **self._kwargs)
  File "/Users/rmanfredini/.conda/envs/masIFRS/lib/python3.12/site-packages/peak/bootloader.py", line 77, in boot_agent
    agent_class = _get_class(file)
                  ^^^^^^^^^^^^^^^^
  File "/Users/rmanfredini/.conda/envs/masIFRS/lib/python3.12/site-packages/peak/bootloader.py", line 132, in _get_class
    module = importlib.import_module(module_name)
             ^^^^^^^^^^^^^^^^^^^^^^^^^^^^^^^^^^^^
  File "/Users/rmanfredini/.conda/envs/masIFRS/lib/python3.12/importlib/__init__.py", line 90, in import_module
    return _bootstrap._gcd_import(name[level:], package, level)
           ^^^^^^^^^^^^^^^^^^^^^^^^^^^^^^^^^^^^^^^^^^^^^^^^^^^^
  File "<frozen importlib._bootstrap>", line 1387, in _gcd_import
  File "<frozen importlib._bootstrap>", line 1360, in _find_and_load
  File "<frozen importlib._bootstrap>", line 1331, in _find_and_load_unlocked
  File "<frozen importlib._bootstrap>", line 935, in _load_unlocked
  File "<frozen importlib._bootstrap_external>", line 999, in exec_module
  File "<frozen importlib._bootstrap>", line 488, in _call_with_frames_removed
  File "/Users/rmanfredini/IFRS/Projetos/PosDoc/masIFRS/source/mas-ifrs/agent/actuator/actuator.py", line 7, in <module>
    from behaviour.MessageServer import MessageServer
  File "/Users/rmanfredini/IFRS/Projetos/PosDoc/masIFRS/source/mas-ifrs/agent/actuator/behaviour/MessageServer.py", line 12
    msg := await self.receive():
        ^^
SyntaxError: invalid syntax
